Error parsing '/home/yukikaze/Documents/workspace/robot_rl/isaac_wheeled_rl_deploy/ros2/src/middlewares/wheeled_bringup/package.xml':
Traceback (most recent call last):
  File "/opt/ros/jazzy/share/ament_cmake_core/cmake/core/package_xml_2_cmake.py", line 150, in <module>
    main()
  File "/opt/ros/jazzy/share/ament_cmake_core/cmake/core/package_xml_2_cmake.py", line 53, in main
    raise e
  File "/opt/ros/jazzy/share/ament_cmake_core/cmake/core/package_xml_2_cmake.py", line 49, in main
    package = parse_package_string(
              ^^^^^^^^^^^^^^^^^^^^^
  File "/home/yukikaze/.local/share/uv/python/cpython-3.11.15-linux-x86_64-gnu/lib/python3.11/site-packages/catkin_pkg/package.py", line 788, in parse_package_string
    pkg.validate(warnings=warnings)
  File "/home/yukikaze/.local/share/uv/python/cpython-3.11.15-linux-x86_64-gnu/lib/python3.11/site-packages/catkin_pkg/package.py", line 330, in validate
    raise InvalidPackage('\n'.join(errors), self.filename)
catkin_pkg.package.InvalidPackage: Error(s) in package '/home/yukikaze/Documents/workspace/robot_rl/isaac_wheeled_rl_deploy/ros2/src/middlewares/wheeled_bringup/package.xml':
Invalid email "yukikaze@local" for person "Yukikaze"
CMake Error at /opt/ros/jazzy/share/ament_cmake_core/cmake/core/ament_package_xml.cmake:95 (message):
  execute_process(/home/yukikaze/.local/bin/python3.11
  /opt/ros/jazzy/share/ament_cmake_core/cmake/core/package_xml_2_cmake.py
  /home/yukikaze/Documents/workspace/robot_rl/isaac_wheeled_rl_deploy/ros2/src/middlewares/wheeled_bringup/package.xml
  /home/yukikaze/Documents/workspace/robot_rl/isaac_wheeled_rl_deploy/ros2/build/wheeled_bringup/ament_cmake_core/package.cmake)
  returned error code 1
Call Stack (most recent call first):
  /opt/ros/jazzy/share/ament_cmake_core/cmake/core/ament_package_xml.cmake:49 (_ament_package_xml)
  /opt/ros/jazzy/share/ament_cmake_core/cmake/core/ament_package.cmake:63 (ament_package_xml)
  CMakeLists.txt:8 (ament_package)


