[0.014s] Invoking command in '/home/yukikaze/Documents/workspace/robot_rl/isaac_wheeled_rl_deploy/ros2/build/wheeled_bringup': DEBUGINFOD_URLS=https://debuginfod.archlinux.org _=/usr/bin/env /usr/bin/cmake /home/yukikaze/Documents/workspace/robot_rl/isaac_wheeled_rl_deploy/ros2/src/middlewares/wheeled_bringup -DCMAKE_INSTALL_PREFIX=/home/yukikaze/Documents/workspace/robot_rl/isaac_wheeled_rl_deploy/ros2/install/wheeled_bringup
[0.172s] -- The C compiler identification is GNU 16.2.1
[0.229s] -- The CXX compiler identification is GNU 16.2.1
[0.234s] -- Detecting C compiler ABI info
[0.294s] -- Detecting C compiler ABI info - done
[0.304s] -- Check for working C compiler: /usr/bin/cc - skipped
[0.304s] -- Detecting C compile features
[0.304s] -- Detecting C compile features - done
[0.313s] -- Detecting CXX compiler ABI info
[0.386s] -- Detecting CXX compiler ABI info - done
[0.394s] -- Check for working CXX compiler: /usr/bin/c++ - skipped
[0.394s] -- Detecting CXX compile features
[0.394s] -- Detecting CXX compile features - done
[0.399s] -- Found ament_cmake: 2.5.5 (/opt/ros/jazzy/share/ament_cmake/cmake)
[0.501s] -- Found Python3: /home/yukikaze/.local/bin/python3.11 (found version "3.11.15") found components: Interpreter
[0.596s] Error parsing '/home/yukikaze/Documents/workspace/robot_rl/isaac_wheeled_rl_deploy/ros2/src/middlewares/wheeled_bringup/package.xml':
[0.596s] Traceback (most recent call last):
[0.596s]   File "/opt/ros/jazzy/share/ament_cmake_core/cmake/core/package_xml_2_cmake.py", line 150, in <module>
[0.596s]     main()
[0.596s]   File "/opt/ros/jazzy/share/ament_cmake_core/cmake/core/package_xml_2_cmake.py", line 53, in main
[0.596s]     raise e
[0.596s]   File "/opt/ros/jazzy/share/ament_cmake_core/cmake/core/package_xml_2_cmake.py", line 49, in main
[0.596s]     package = parse_package_string(
[0.596s]               ^^^^^^^^^^^^^^^^^^^^^
[0.596s]   File "/home/yukikaze/.local/share/uv/python/cpython-3.11.15-linux-x86_64-gnu/lib/python3.11/site-packages/catkin_pkg/package.py", line 788, in parse_package_string
[0.596s]     pkg.validate(warnings=warnings)
[0.596s]   File "/home/yukikaze/.local/share/uv/python/cpython-3.11.15-linux-x86_64-gnu/lib/python3.11/site-packages/catkin_pkg/package.py", line 330, in validate
[0.596s]     raise InvalidPackage('\n'.join(errors), self.filename)
[0.596s] catkin_pkg.package.InvalidPackage: Error(s) in package '/home/yukikaze/Documents/workspace/robot_rl/isaac_wheeled_rl_deploy/ros2/src/middlewares/wheeled_bringup/package.xml':
[0.596s] Invalid email "yukikaze@local" for person "Yukikaze"
[0.603s] CMake Error at /opt/ros/jazzy/share/ament_cmake_core/cmake/core/ament_package_xml.cmake:95 (message):
[0.603s]   execute_process(/home/yukikaze/.local/bin/python3.11
[0.603s]   /opt/ros/jazzy/share/ament_cmake_core/cmake/core/package_xml_2_cmake.py
[0.603s]   /home/yukikaze/Documents/workspace/robot_rl/isaac_wheeled_rl_deploy/ros2/src/middlewares/wheeled_bringup/package.xml
[0.603s]   /home/yukikaze/Documents/workspace/robot_rl/isaac_wheeled_rl_deploy/ros2/build/wheeled_bringup/ament_cmake_core/package.cmake)
[0.603s]   returned error code 1
[0.603s] Call Stack (most recent call first):
[0.603s]   /opt/ros/jazzy/share/ament_cmake_core/cmake/core/ament_package_xml.cmake:49 (_ament_package_xml)
[0.603s]   /opt/ros/jazzy/share/ament_cmake_core/cmake/core/ament_package.cmake:63 (ament_package_xml)
[0.603s]   CMakeLists.txt:8 (ament_package)
[0.603s] 
[0.603s] 
[0.603s] -- Configuring incomplete, errors occurred!
