[-1788714997894746368.000s] DEBUG:colcon:Command line arguments: ['/home/yukikaze/.local/bin/colcon', 'build', '--symlink-install', '--packages-up-to', 'wheeled_rl_controller', 'wheeled_mujoco_system', 'wheeled_bringup']
[-1788714997894746368.000s] DEBUG:colcon:Parsed command line arguments: Namespace(log_base=None, log_level=None, verb_name='build', build_base='build', install_base='install', merge_install=False, symlink_install=True, test_result_base=None, continue_on_error=False, executor='parallel', parallel_workers=20, event_handlers=None, ignore_user_meta=False, metas=['./colcon.meta'], base_paths=['.'], packages_ignore=None, packages_ignore_regex=None, paths=None, packages_up_to=['wheeled_rl_controller', 'wheeled_mujoco_system', 'wheeled_bringup'], packages_up_to_regex=None, packages_above=None, packages_above_and_dependencies=None, packages_above_depth=None, packages_select_by_dep=None, packages_skip_by_dep=None, packages_skip_up_to=None, packages_select_build_failed=False, packages_skip_build_finished=False, packages_select_test_failures=False, packages_skip_test_passed=False, packages_select=None, packages_skip=None, packages_select_regex=None, packages_skip_regex=None, packages_start=None, packages_end=None, cmake_args=None, cmake_target=None, cmake_target_skip_unavailable=False, cmake_clean_cache=False, cmake_clean_first=False, cmake_force_configure=False, ament_cmake_args=None, catkin_cmake_args=None, catkin_skip_building_tests=False, verb_parser=<colcon_defaults.argument_parser.defaults.DefaultArgumentsDecorator object at 0x7fa09dca4550>, verb_extension=<colcon_core.verb.build.BuildVerb object at 0x7fa09de21fd0>, main=<bound method BuildVerb.main of <colcon_core.verb.build.BuildVerb object at 0x7fa09de21fd0>>)
[-1788714997894746368.000s] Level 1:colcon.colcon_core.package_discovery:discover_packages(colcon_meta) check parameters
[-1788714997894746368.000s] Level 1:colcon.colcon_core.package_discovery:discover_packages(recursive) check parameters
[-1788714997894746368.000s] Level 1:colcon.colcon_core.package_discovery:discover_packages(ignore) check parameters
[-1788714997894746368.000s] Level 1:colcon.colcon_core.package_discovery:discover_packages(path) check parameters
[-1788714997894746368.000s] Level 1:colcon.colcon_core.package_discovery:discover_packages(colcon_meta) discover
[-1788714997894746368.000s] Level 1:colcon.colcon_core.package_discovery:discover_packages(recursive) discover
[-1788714997894746368.000s] INFO:colcon.colcon_core.package_discovery:Crawling recursively for packages in '/home/yukikaze/Documents/workspace/robot_rl/isaac_wheeled_rl_deploy/ros2'
[-1788714997894746368.000s] Level 1:colcon.colcon_core.package_identification:_identify(.) by extensions ['ignore', 'ignore_ament_install']
[-1788714997894746368.000s] Level 1:colcon.colcon_core.package_identification:_identify(.) by extension 'ignore'
[-1788714997894746368.000s] Level 1:colcon.colcon_core.package_identification:_identify(.) by extension 'ignore_ament_install'
[-1788714997894746368.000s] Level 1:colcon.colcon_core.package_identification:_identify(.) by extensions ['colcon_pkg']
[-1788714997894746368.000s] Level 1:colcon.colcon_core.package_identification:_identify(.) by extension 'colcon_pkg'
[-1788714997894746368.000s] Level 1:colcon.colcon_core.package_identification:_identify(.) by extensions ['colcon_meta']
[-1788714997894746368.000s] Level 1:colcon.colcon_core.package_identification:_identify(.) by extension 'colcon_meta'
[-1788714997894746368.000s] Level 1:colcon.colcon_core.package_identification:_identify(.) by extensions ['ros']
[-1788714997894746368.000s] Level 1:colcon.colcon_core.package_identification:_identify(.) by extension 'ros'
[-1788714997894746368.000s] Level 1:colcon.colcon_core.package_identification:_identify(.) by extensions ['cmake', 'python']
[-1788714997894746368.000s] Level 1:colcon.colcon_core.package_identification:_identify(.) by extension 'cmake'
[-1788714997894746368.000s] Level 1:colcon.colcon_core.package_identification:_identify(.) by extension 'python'
[-1788714997894746368.000s] Level 1:colcon.colcon_core.package_identification:_identify(.) by extensions ['python_setup_py']
[-1788714997894746368.000s] Level 1:colcon.colcon_core.package_identification:_identify(.) by extension 'python_setup_py'
[-1788714997894746368.000s] Level 1:colcon.colcon_core.package_identification:_identify(build) by extensions ['ignore', 'ignore_ament_install']
[-1788714997894746368.000s] Level 1:colcon.colcon_core.package_identification:_identify(build) by extension 'ignore'
[-1788714997894746368.000s] Level 1:colcon.colcon_core.package_identification:_identify(build) ignored
[-1788714997894746368.000s] Level 1:colcon.colcon_core.package_identification:_identify(include) by extensions ['ignore', 'ignore_ament_install']
[-1788714997894746368.000s] Level 1:colcon.colcon_core.package_identification:_identify(include) by extension 'ignore'
[-1788714997894746368.000s] Level 1:colcon.colcon_core.package_identification:_identify(include) by extension 'ignore_ament_install'
[-1788714997894746368.000s] Level 1:colcon.colcon_core.package_identification:_identify(include) by extensions ['colcon_pkg']
[-1788714997894746368.000s] Level 1:colcon.colcon_core.package_identification:_identify(include) by extension 'colcon_pkg'
[-1788714997894746368.000s] Level 1:colcon.colcon_core.package_identification:_identify(include) by extensions ['colcon_meta']
[-1788714997894746368.000s] Level 1:colcon.colcon_core.package_identification:_identify(include) by extension 'colcon_meta'
[-1788714997894746368.000s] Level 1:colcon.colcon_core.package_identification:_identify(include) by extensions ['ros']
[-1788714997894746368.000s] Level 1:colcon.colcon_core.package_identification:_identify(include) by extension 'ros'
[-1788714997894746368.000s] Level 1:colcon.colcon_core.package_identification:_identify(include) by extensions ['cmake', 'python']
[-1788714997894746368.000s] Level 1:colcon.colcon_core.package_identification:_identify(include) by extension 'cmake'
[-1788714997894746368.000s] Level 1:colcon.colcon_core.package_identification:_identify(include) by extension 'python'
[-1788714997894746368.000s] Level 1:colcon.colcon_core.package_identification:_identify(include) by extensions ['python_setup_py']
[-1788714997894746368.000s] Level 1:colcon.colcon_core.package_identification:_identify(include) by extension 'python_setup_py'
[-1788714997894746368.000s] Level 1:colcon.colcon_core.package_identification:_identify(include/wheeled_rl_controller) by extensions ['ignore', 'ignore_ament_install']
[-1788714997894746368.000s] Level 1:colcon.colcon_core.package_identification:_identify(include/wheeled_rl_controller) by extension 'ignore'
[-1788714997894746368.000s] Level 1:colcon.colcon_core.package_identification:_identify(include/wheeled_rl_controller) by extension 'ignore_ament_install'
[-1788714997894746368.000s] Level 1:colcon.colcon_core.package_identification:_identify(include/wheeled_rl_controller) by extensions ['colcon_pkg']
[-1788714997894746368.000s] Level 1:colcon.colcon_core.package_identification:_identify(include/wheeled_rl_controller) by extension 'colcon_pkg'
[-1788714997894746368.000s] Level 1:colcon.colcon_core.package_identification:_identify(include/wheeled_rl_controller) by extensions ['colcon_meta']
[-1788714997894746368.000s] Level 1:colcon.colcon_core.package_identification:_identify(include/wheeled_rl_controller) by extension 'colcon_meta'
[-1788714997894746368.000s] Level 1:colcon.colcon_core.package_identification:_identify(include/wheeled_rl_controller) by extensions ['ros']
[-1788714997894746368.000s] Level 1:colcon.colcon_core.package_identification:_identify(include/wheeled_rl_controller) by extension 'ros'
[-1788714997894746368.000s] Level 1:colcon.colcon_core.package_identification:_identify(include/wheeled_rl_controller) by extensions ['cmake', 'python']
[-1788714997894746368.000s] Level 1:colcon.colcon_core.package_identification:_identify(include/wheeled_rl_controller) by extension 'cmake'
[-1788714997894746368.000s] Level 1:colcon.colcon_core.package_identification:_identify(include/wheeled_rl_controller) by extension 'python'
[-1788714997894746368.000s] Level 1:colcon.colcon_core.package_identification:_identify(include/wheeled_rl_controller) by extensions ['python_setup_py']
[-1788714997894746368.000s] Level 1:colcon.colcon_core.package_identification:_identify(include/wheeled_rl_controller) by extension 'python_setup_py'
[-1788714997894746368.000s] Level 1:colcon.colcon_core.package_identification:_identify(install) by extensions ['ignore', 'ignore_ament_install']
[-1788714997894746368.000s] Level 1:colcon.colcon_core.package_identification:_identify(install) by extension 'ignore'
[-1788714997894746368.000s] Level 1:colcon.colcon_core.package_identification:_identify(install) ignored
[-1788714997894746368.000s] Level 1:colcon.colcon_core.package_identification:_identify(log) by extensions ['ignore', 'ignore_ament_install']
[-1788714997894746368.000s] Level 1:colcon.colcon_core.package_identification:_identify(log) by extension 'ignore'
[-1788714997894746368.000s] Level 1:colcon.colcon_core.package_identification:_identify(log) ignored
[-1788714997894746368.000s] Level 1:colcon.colcon_core.package_identification:_identify(src) by extensions ['ignore', 'ignore_ament_install']
[-1788714997894746368.000s] Level 1:colcon.colcon_core.package_identification:_identify(src) by extension 'ignore'
[-1788714997894746368.000s] Level 1:colcon.colcon_core.package_identification:_identify(src) by extension 'ignore_ament_install'
[-1788714997894746368.000s] Level 1:colcon.colcon_core.package_identification:_identify(src) by extensions ['colcon_pkg']
[-1788714997894746368.000s] Level 1:colcon.colcon_core.package_identification:_identify(src) by extension 'colcon_pkg'
[-1788714997894746368.000s] Level 1:colcon.colcon_core.package_identification:_identify(src) by extensions ['colcon_meta']
[-1788714997894746368.000s] Level 1:colcon.colcon_core.package_identification:_identify(src) by extension 'colcon_meta'
[-1788714997894746368.000s] Level 1:colcon.colcon_core.package_identification:_identify(src) by extensions ['ros']
[-1788714997894746368.000s] Level 1:colcon.colcon_core.package_identification:_identify(src) by extension 'ros'
[-1788714997894746368.000s] Level 1:colcon.colcon_core.package_identification:_identify(src) by extensions ['cmake', 'python']
[-1788714997894746368.000s] Level 1:colcon.colcon_core.package_identification:_identify(src) by extension 'cmake'
[-1788714997894746368.000s] Level 1:colcon.colcon_core.package_identification:_identify(src) by extension 'python'
[-1788714997894746368.000s] Level 1:colcon.colcon_core.package_identification:_identify(src) by extensions ['python_setup_py']
[-1788714997894746368.000s] Level 1:colcon.colcon_core.package_identification:_identify(src) by extension 'python_setup_py'
[-1788714997894746368.000s] Level 1:colcon.colcon_core.package_identification:_identify(src/controllers) by extensions ['ignore', 'ignore_ament_install']
[-1788714997894746368.000s] Level 1:colcon.colcon_core.package_identification:_identify(src/controllers) by extension 'ignore'
[-1788714997894746368.000s] Level 1:colcon.colcon_core.package_identification:_identify(src/controllers) by extension 'ignore_ament_install'
[-1788714997894746368.000s] Level 1:colcon.colcon_core.package_identification:_identify(src/controllers) by extensions ['colcon_pkg']
[-1788714997894746368.000s] Level 1:colcon.colcon_core.package_identification:_identify(src/controllers) by extension 'colcon_pkg'
[-1788714997894746368.000s] Level 1:colcon.colcon_core.package_identification:_identify(src/controllers) by extensions ['colcon_meta']
[-1788714997894746368.000s] Level 1:colcon.colcon_core.package_identification:_identify(src/controllers) by extension 'colcon_meta'
[-1788714997894746368.000s] Level 1:colcon.colcon_core.package_identification:_identify(src/controllers) by extensions ['ros']
[-1788714997894746368.000s] Level 1:colcon.colcon_core.package_identification:_identify(src/controllers) by extension 'ros'
[-1788714997894746368.000s] Level 1:colcon.colcon_core.package_identification:_identify(src/controllers) by extensions ['cmake', 'python']
[-1788714997894746368.000s] Level 1:colcon.colcon_core.package_identification:_identify(src/controllers) by extension 'cmake'
[-1788714997894746368.000s] Level 1:colcon.colcon_core.package_identification:_identify(src/controllers) by extension 'python'
[-1788714997894746368.000s] Level 1:colcon.colcon_core.package_identification:_identify(src/controllers) by extensions ['python_setup_py']
[-1788714997894746368.000s] Level 1:colcon.colcon_core.package_identification:_identify(src/controllers) by extension 'python_setup_py'
[-1788714997894746368.000s] Level 1:colcon.colcon_core.package_identification:_identify(src/controllers/wheeled_rl_controller) by extensions ['ignore', 'ignore_ament_install']
[-1788714997894746368.000s] Level 1:colcon.colcon_core.package_identification:_identify(src/controllers/wheeled_rl_controller) by extension 'ignore'
[-1788714997894746368.000s] Level 1:colcon.colcon_core.package_identification:_identify(src/controllers/wheeled_rl_controller) by extension 'ignore_ament_install'
[-1788714997894746368.000s] Level 1:colcon.colcon_core.package_identification:_identify(src/controllers/wheeled_rl_controller) by extensions ['colcon_pkg']
[-1788714997894746368.000s] Level 1:colcon.colcon_core.package_identification:_identify(src/controllers/wheeled_rl_controller) by extension 'colcon_pkg'
[-1788714997894746368.000s] Level 1:colcon.colcon_core.package_identification:_identify(src/controllers/wheeled_rl_controller) by extensions ['colcon_meta']
[-1788714997894746368.000s] Level 1:colcon.colcon_core.package_identification:_identify(src/controllers/wheeled_rl_controller) by extension 'colcon_meta'
[-1788714997894746368.000s] Level 1:colcon.colcon_core.package_identification:_identify(src/controllers/wheeled_rl_controller) by extensions ['ros']
[-1788714997894746368.000s] Level 1:colcon.colcon_core.package_identification:_identify(src/controllers/wheeled_rl_controller) by extension 'ros'
[-1788714997894746368.000s] DEBUG:colcon.colcon_core.package_identification:Failed to parse potential ROS package manifest in'src/controllers/wheeled_rl_controller': Error(s) in package 'src/controllers/wheeled_rl_controller/package.xml':
The manifest contains invalid XML:
not well-formed (invalid token): line 9, column 27
[-1788714997894746368.000s] Level 1:colcon.colcon_core.package_identification:_identify(src/controllers/wheeled_rl_controller) by extensions ['cmake', 'python']
[-1788714997894746368.000s] Level 1:colcon.colcon_core.package_identification:_identify(src/controllers/wheeled_rl_controller) by extension 'cmake'
[-1788714997894746368.000s] Level 1:colcon.colcon_core.package_identification:_identify(src/controllers/wheeled_rl_controller) by extension 'python'
[-1788714997894746368.000s] DEBUG:colcon.colcon_core.package_identification:Package 'src/controllers/wheeled_rl_controller' with type 'cmake' and name 'wheeled_rl_controller'
[-1788714997894746368.000s] Level 1:colcon.colcon_core.package_identification:_identify(src/interfaces) by extensions ['ignore', 'ignore_ament_install']
[-1788714997894746368.000s] Level 1:colcon.colcon_core.package_identification:_identify(src/interfaces) by extension 'ignore'
[-1788714997894746368.000s] Level 1:colcon.colcon_core.package_identification:_identify(src/interfaces) by extension 'ignore_ament_install'
[-1788714997894746368.000s] Level 1:colcon.colcon_core.package_identification:_identify(src/interfaces) by extensions ['colcon_pkg']
[-1788714997894746368.000s] Level 1:colcon.colcon_core.package_identification:_identify(src/interfaces) by extension 'colcon_pkg'
[-1788714997894746368.000s] Level 1:colcon.colcon_core.package_identification:_identify(src/interfaces) by extensions ['colcon_meta']
[-1788714997894746368.000s] Level 1:colcon.colcon_core.package_identification:_identify(src/interfaces) by extension 'colcon_meta'
[-1788714997894746368.000s] Level 1:colcon.colcon_core.package_identification:_identify(src/interfaces) by extensions ['ros']
[-1788714997894746368.000s] Level 1:colcon.colcon_core.package_identification:_identify(src/interfaces) by extension 'ros'
[-1788714997894746368.000s] Level 1:colcon.colcon_core.package_identification:_identify(src/interfaces) by extensions ['cmake', 'python']
[-1788714997894746368.000s] Level 1:colcon.colcon_core.package_identification:_identify(src/interfaces) by extension 'cmake'
[-1788714997894746368.000s] Level 1:colcon.colcon_core.package_identification:_identify(src/interfaces) by extension 'python'
[-1788714997894746368.000s] Level 1:colcon.colcon_core.package_identification:_identify(src/interfaces) by extensions ['python_setup_py']
[-1788714997894746368.000s] Level 1:colcon.colcon_core.package_identification:_identify(src/interfaces) by extension 'python_setup_py'
[-1788714997894746368.000s] Level 1:colcon.colcon_core.package_identification:_identify(src/interfaces/wheeled_mujoco_system) by extensions ['ignore', 'ignore_ament_install']
[-1788714997894746368.000s] Level 1:colcon.colcon_core.package_identification:_identify(src/interfaces/wheeled_mujoco_system) by extension 'ignore'
[-1788714997894746368.000s] Level 1:colcon.colcon_core.package_identification:_identify(src/interfaces/wheeled_mujoco_system) by extension 'ignore_ament_install'
[-1788714997894746368.000s] Level 1:colcon.colcon_core.package_identification:_identify(src/interfaces/wheeled_mujoco_system) by extensions ['colcon_pkg']
[-1788714997894746368.000s] Level 1:colcon.colcon_core.package_identification:_identify(src/interfaces/wheeled_mujoco_system) by extension 'colcon_pkg'
[-1788714997894746368.000s] Level 1:colcon.colcon_core.package_identification:_identify(src/interfaces/wheeled_mujoco_system) by extensions ['colcon_meta']
[-1788714997894746368.000s] Level 1:colcon.colcon_core.package_identification:_identify(src/interfaces/wheeled_mujoco_system) by extension 'colcon_meta'
[-1788714997894746368.000s] Level 1:colcon.colcon_core.package_identification:_identify(src/interfaces/wheeled_mujoco_system) by extensions ['ros']
[-1788714997894746368.000s] Level 1:colcon.colcon_core.package_identification:_identify(src/interfaces/wheeled_mujoco_system) by extension 'ros'
[-1788714997894746368.000s] DEBUG:colcon.colcon_core.package_identification:Failed to parse potential ROS package manifest in'src/interfaces/wheeled_mujoco_system': Error(s) in package 'src/interfaces/wheeled_mujoco_system/package.xml':
Invalid email "yukikaze@local" for person "Yukikaze"
[-1788714997894746368.000s] Level 1:colcon.colcon_core.package_identification:_identify(src/interfaces/wheeled_mujoco_system) by extensions ['cmake', 'python']
[-1788714997894746368.000s] Level 1:colcon.colcon_core.package_identification:_identify(src/interfaces/wheeled_mujoco_system) by extension 'cmake'
[-1788714997894746368.000s] Level 1:colcon.colcon_core.package_identification:_identify(src/interfaces/wheeled_mujoco_system) by extension 'python'
[-1788714997894746368.000s] DEBUG:colcon.colcon_core.package_identification:Package 'src/interfaces/wheeled_mujoco_system' with type 'cmake' and name 'wheeled_mujoco_system'
[-1788714997894746368.000s] Level 1:colcon.colcon_core.package_identification:_identify(src/interfaces/wheeled_real_system) by extensions ['ignore', 'ignore_ament_install']
[-1788714997894746368.000s] Level 1:colcon.colcon_core.package_identification:_identify(src/interfaces/wheeled_real_system) by extension 'ignore'
[-1788714997894746368.000s] Level 1:colcon.colcon_core.package_identification:_identify(src/interfaces/wheeled_real_system) by extension 'ignore_ament_install'
[-1788714997894746368.000s] Level 1:colcon.colcon_core.package_identification:_identify(src/interfaces/wheeled_real_system) by extensions ['colcon_pkg']
[-1788714997894746368.000s] Level 1:colcon.colcon_core.package_identification:_identify(src/interfaces/wheeled_real_system) by extension 'colcon_pkg'
[-1788714997894746368.000s] Level 1:colcon.colcon_core.package_identification:_identify(src/interfaces/wheeled_real_system) by extensions ['colcon_meta']
[-1788714997894746368.000s] Level 1:colcon.colcon_core.package_identification:_identify(src/interfaces/wheeled_real_system) by extension 'colcon_meta'
[-1788714997894746368.000s] Level 1:colcon.colcon_core.package_identification:_identify(src/interfaces/wheeled_real_system) by extensions ['ros']
[-1788714997894746368.000s] Level 1:colcon.colcon_core.package_identification:_identify(src/interfaces/wheeled_real_system) by extension 'ros'
[-1788714997894746368.000s] DEBUG:colcon.colcon_core.package_identification:Failed to parse potential ROS package manifest in'src/interfaces/wheeled_real_system': Error(s) in package 'src/interfaces/wheeled_real_system/package.xml':
Invalid email "yukikaze@local" for person "Yukikaze"
[-1788714997894746368.000s] Level 1:colcon.colcon_core.package_identification:_identify(src/interfaces/wheeled_real_system) by extensions ['cmake', 'python']
[-1788714997894746368.000s] Level 1:colcon.colcon_core.package_identification:_identify(src/interfaces/wheeled_real_system) by extension 'cmake'
[-1788714997894746368.000s] Level 1:colcon.colcon_core.package_identification:_identify(src/interfaces/wheeled_real_system) by extension 'python'
[-1788714997894746368.000s] DEBUG:colcon.colcon_core.package_identification:Package 'src/interfaces/wheeled_real_system' with type 'cmake' and name 'wheeled_real_system'
[-1788714997894746368.000s] Level 1:colcon.colcon_core.package_identification:_identify(src/middlewares) by extensions ['ignore', 'ignore_ament_install']
[-1788714997894746368.000s] Level 1:colcon.colcon_core.package_identification:_identify(src/middlewares) by extension 'ignore'
[-1788714997894746368.000s] Level 1:colcon.colcon_core.package_identification:_identify(src/middlewares) by extension 'ignore_ament_install'
[-1788714997894746368.000s] Level 1:colcon.colcon_core.package_identification:_identify(src/middlewares) by extensions ['colcon_pkg']
[-1788714997894746368.000s] Level 1:colcon.colcon_core.package_identification:_identify(src/middlewares) by extension 'colcon_pkg'
[-1788714997894746368.000s] Level 1:colcon.colcon_core.package_identification:_identify(src/middlewares) by extensions ['colcon_meta']
[-1788714997894746368.000s] Level 1:colcon.colcon_core.package_identification:_identify(src/middlewares) by extension 'colcon_meta'
[-1788714997894746368.000s] Level 1:colcon.colcon_core.package_identification:_identify(src/middlewares) by extensions ['ros']
[-1788714997894746368.000s] Level 1:colcon.colcon_core.package_identification:_identify(src/middlewares) by extension 'ros'
[-1788714997894746368.000s] Level 1:colcon.colcon_core.package_identification:_identify(src/middlewares) by extensions ['cmake', 'python']
[-1788714997894746368.000s] Level 1:colcon.colcon_core.package_identification:_identify(src/middlewares) by extension 'cmake'
[-1788714997894746368.000s] Level 1:colcon.colcon_core.package_identification:_identify(src/middlewares) by extension 'python'
[-1788714997894746368.000s] Level 1:colcon.colcon_core.package_identification:_identify(src/middlewares) by extensions ['python_setup_py']
[-1788714997894746368.000s] Level 1:colcon.colcon_core.package_identification:_identify(src/middlewares) by extension 'python_setup_py'
[-1788714997894746368.000s] Level 1:colcon.colcon_core.package_identification:_identify(src/middlewares/wheeled_bringup) by extensions ['ignore', 'ignore_ament_install']
[-1788714997894746368.000s] Level 1:colcon.colcon_core.package_identification:_identify(src/middlewares/wheeled_bringup) by extension 'ignore'
[-1788714997894746368.000s] Level 1:colcon.colcon_core.package_identification:_identify(src/middlewares/wheeled_bringup) by extension 'ignore_ament_install'
[-1788714997894746368.000s] Level 1:colcon.colcon_core.package_identification:_identify(src/middlewares/wheeled_bringup) by extensions ['colcon_pkg']
[-1788714997894746368.000s] Level 1:colcon.colcon_core.package_identification:_identify(src/middlewares/wheeled_bringup) by extension 'colcon_pkg'
[-1788714997894746368.000s] Level 1:colcon.colcon_core.package_identification:_identify(src/middlewares/wheeled_bringup) by extensions ['colcon_meta']
[-1788714997894746368.000s] Level 1:colcon.colcon_core.package_identification:_identify(src/middlewares/wheeled_bringup) by extension 'colcon_meta'
[-1788714997894746368.000s] Level 1:colcon.colcon_core.package_identification:_identify(src/middlewares/wheeled_bringup) by extensions ['ros']
[-1788714997894746368.000s] Level 1:colcon.colcon_core.package_identification:_identify(src/middlewares/wheeled_bringup) by extension 'ros'
[-1788714997894746368.000s] DEBUG:colcon.colcon_core.package_identification:Failed to parse potential ROS package manifest in'src/middlewares/wheeled_bringup': Error(s) in package 'src/middlewares/wheeled_bringup/package.xml':
Invalid email "yukikaze@local" for person "Yukikaze"
[-1788714997894746368.000s] Level 1:colcon.colcon_core.package_identification:_identify(src/middlewares/wheeled_bringup) by extensions ['cmake', 'python']
[-1788714997894746368.000s] Level 1:colcon.colcon_core.package_identification:_identify(src/middlewares/wheeled_bringup) by extension 'cmake'
[-1788714997894746368.000s] Level 1:colcon.colcon_core.package_identification:_identify(src/middlewares/wheeled_bringup) by extension 'python'
[-1788714997894746368.000s] DEBUG:colcon.colcon_core.package_identification:Package 'src/middlewares/wheeled_bringup' with type 'cmake' and name 'wheeled_bringup'
[-1788714997894746368.000s] Level 1:colcon.colcon_core.package_identification:_identify(src/tools) by extensions ['ignore', 'ignore_ament_install']
[-1788714997894746368.000s] Level 1:colcon.colcon_core.package_identification:_identify(src/tools) by extension 'ignore'
[-1788714997894746368.000s] Level 1:colcon.colcon_core.package_identification:_identify(src/tools) by extension 'ignore_ament_install'
[-1788714997894746368.000s] Level 1:colcon.colcon_core.package_identification:_identify(src/tools) by extensions ['colcon_pkg']
[-1788714997894746368.000s] Level 1:colcon.colcon_core.package_identification:_identify(src/tools) by extension 'colcon_pkg'
[-1788714997894746368.000s] Level 1:colcon.colcon_core.package_identification:_identify(src/tools) by extensions ['colcon_meta']
[-1788714997894746368.000s] Level 1:colcon.colcon_core.package_identification:_identify(src/tools) by extension 'colcon_meta'
[-1788714997894746368.000s] Level 1:colcon.colcon_core.package_identification:_identify(src/tools) by extensions ['ros']
[-1788714997894746368.000s] Level 1:colcon.colcon_core.package_identification:_identify(src/tools) by extension 'ros'
[-1788714997894746368.000s] Level 1:colcon.colcon_core.package_identification:_identify(src/tools) by extensions ['cmake', 'python']
[-1788714997894746368.000s] Level 1:colcon.colcon_core.package_identification:_identify(src/tools) by extension 'cmake'
[-1788714997894746368.000s] Level 1:colcon.colcon_core.package_identification:_identify(src/tools) by extension 'python'
[-1788714997894746368.000s] Level 1:colcon.colcon_core.package_identification:_identify(src/tools) by extensions ['python_setup_py']
[-1788714997894746368.000s] Level 1:colcon.colcon_core.package_identification:_identify(src/tools) by extension 'python_setup_py'
[-1788714997894746368.000s] Level 1:colcon.colcon_core.package_identification:_identify(src/tools/wheeled_teleop) by extensions ['ignore', 'ignore_ament_install']
[-1788714997894746368.000s] Level 1:colcon.colcon_core.package_identification:_identify(src/tools/wheeled_teleop) by extension 'ignore'
[-1788714997894746368.000s] Level 1:colcon.colcon_core.package_identification:_identify(src/tools/wheeled_teleop) by extension 'ignore_ament_install'
[-1788714997894746368.000s] Level 1:colcon.colcon_core.package_identification:_identify(src/tools/wheeled_teleop) by extensions ['colcon_pkg']
[-1788714997894746368.000s] Level 1:colcon.colcon_core.package_identification:_identify(src/tools/wheeled_teleop) by extension 'colcon_pkg'
[-1788714997894746368.000s] Level 1:colcon.colcon_core.package_identification:_identify(src/tools/wheeled_teleop) by extensions ['colcon_meta']
[-1788714997894746368.000s] Level 1:colcon.colcon_core.package_identification:_identify(src/tools/wheeled_teleop) by extension 'colcon_meta'
[-1788714997894746368.000s] Level 1:colcon.colcon_core.package_identification:_identify(src/tools/wheeled_teleop) by extensions ['ros']
[-1788714997894746368.000s] Level 1:colcon.colcon_core.package_identification:_identify(src/tools/wheeled_teleop) by extension 'ros'
[-1788714997894746368.000s] DEBUG:colcon.colcon_core.package_identification:Failed to parse potential ROS package manifest in'src/tools/wheeled_teleop': Error(s) in package 'src/tools/wheeled_teleop/package.xml':
Invalid email "yukikaze@local" for person "Yukikaze"
[-1788714997894746368.000s] Level 1:colcon.colcon_core.package_identification:_identify(src/tools/wheeled_teleop) by extensions ['cmake', 'python']
[-1788714997894746368.000s] Level 1:colcon.colcon_core.package_identification:_identify(src/tools/wheeled_teleop) by extension 'cmake'
[-1788714997894746368.000s] Level 1:colcon.colcon_core.package_identification:_identify(src/tools/wheeled_teleop) by extension 'python'
[-1788714997894746368.000s] Level 1:colcon.colcon_core.package_identification:_identify(src/tools/wheeled_teleop) by extensions ['python_setup_py']
[-1788714997894746368.000s] Level 1:colcon.colcon_core.package_identification:_identify(src/tools/wheeled_teleop) by extension 'python_setup_py'
[-1788714997894746368.000s] DEBUG:colcon.colcon_core.package_identification:Package 'src/tools/wheeled_teleop' with type 'python' and name 'wheeled_teleop'
[-1788714997894746368.000s] Level 1:colcon.colcon_core.package_discovery:discover_packages(recursive) using defaults
[-1788714997894746368.000s] Level 1:colcon.colcon_core.package_discovery:discover_packages(ignore) discover
[-1788714997894746368.000s] Level 1:colcon.colcon_core.package_discovery:discover_packages(ignore) using defaults
[-1788714997894746368.000s] Level 1:colcon.colcon_core.package_discovery:discover_packages(path) discover
[-1788714997894746368.000s] Level 1:colcon.colcon_core.package_discovery:discover_packages(path) using defaults
[-1788714997894746368.000s] INFO:colcon.colcon_core.package_selection:Skipping package 'wheeled_teleop' in 'src/tools/wheeled_teleop'
[-1788714997894746368.000s] INFO:colcon.colcon_core.package_selection:Skipping package 'wheeled_real_system' in 'src/interfaces/wheeled_real_system'
[-1788714997894746368.000s] Level 5:colcon.colcon_core.verb:set package 'wheeled_bringup' build argument 'cmake_args' from command line to 'None'
[-1788714997894746368.000s] Level 5:colcon.colcon_core.verb:set package 'wheeled_bringup' build argument 'cmake_target' from command line to 'None'
[-1788714997894746368.000s] Level 5:colcon.colcon_core.verb:set package 'wheeled_bringup' build argument 'cmake_target_skip_unavailable' from command line to 'False'
[-1788714997894746368.000s] Level 5:colcon.colcon_core.verb:set package 'wheeled_bringup' build argument 'cmake_clean_cache' from command line to 'False'
[-1788714997894746368.000s] Level 5:colcon.colcon_core.verb:set package 'wheeled_bringup' build argument 'cmake_clean_first' from command line to 'False'
[-1788714997894746368.000s] Level 5:colcon.colcon_core.verb:set package 'wheeled_bringup' build argument 'cmake_force_configure' from command line to 'False'
[-1788714997894746368.000s] Level 5:colcon.colcon_core.verb:set package 'wheeled_bringup' build argument 'ament_cmake_args' from command line to 'None'
[-1788714997894746368.000s] Level 5:colcon.colcon_core.verb:set package 'wheeled_bringup' build argument 'catkin_cmake_args' from command line to 'None'
[-1788714997894746368.000s] Level 5:colcon.colcon_core.verb:set package 'wheeled_bringup' build argument 'catkin_skip_building_tests' from command line to 'False'
[-1788714997894746368.000s] DEBUG:colcon.colcon_core.verb:Building package 'wheeled_bringup' with the following arguments: {'ament_cmake_args': None, 'build_base': '/home/yukikaze/Documents/workspace/robot_rl/isaac_wheeled_rl_deploy/ros2/build/wheeled_bringup', 'catkin_cmake_args': None, 'catkin_skip_building_tests': False, 'cmake_args': None, 'cmake_clean_cache': False, 'cmake_clean_first': False, 'cmake_force_configure': False, 'cmake_target': None, 'cmake_target_skip_unavailable': False, 'install_base': '/home/yukikaze/Documents/workspace/robot_rl/isaac_wheeled_rl_deploy/ros2/install/wheeled_bringup', 'merge_install': False, 'path': '/home/yukikaze/Documents/workspace/robot_rl/isaac_wheeled_rl_deploy/ros2/src/middlewares/wheeled_bringup', 'symlink_install': True, 'test_result_base': None}
[-1788714997894746368.000s] Level 5:colcon.colcon_core.verb:set package 'wheeled_mujoco_system' build argument 'cmake_args' from command line to 'None'
[-1788714997894746368.000s] Level 5:colcon.colcon_core.verb:set package 'wheeled_mujoco_system' build argument 'cmake_target' from command line to 'None'
[-1788714997894746368.000s] Level 5:colcon.colcon_core.verb:set package 'wheeled_mujoco_system' build argument 'cmake_target_skip_unavailable' from command line to 'False'
[-1788714997894746368.000s] Level 5:colcon.colcon_core.verb:set package 'wheeled_mujoco_system' build argument 'cmake_clean_cache' from command line to 'False'
[-1788714997894746368.000s] Level 5:colcon.colcon_core.verb:set package 'wheeled_mujoco_system' build argument 'cmake_clean_first' from command line to 'False'
[-1788714997894746368.000s] Level 5:colcon.colcon_core.verb:set package 'wheeled_mujoco_system' build argument 'cmake_force_configure' from command line to 'False'
[-1788714997894746368.000s] Level 5:colcon.colcon_core.verb:set package 'wheeled_mujoco_system' build argument 'ament_cmake_args' from command line to 'None'
[-1788714997894746368.000s] Level 5:colcon.colcon_core.verb:set package 'wheeled_mujoco_system' build argument 'catkin_cmake_args' from command line to 'None'
[-1788714997894746368.000s] Level 5:colcon.colcon_core.verb:set package 'wheeled_mujoco_system' build argument 'catkin_skip_building_tests' from command line to 'False'
[-1788714997894746368.000s] DEBUG:colcon.colcon_core.verb:Building package 'wheeled_mujoco_system' with the following arguments: {'ament_cmake_args': None, 'build_base': '/home/yukikaze/Documents/workspace/robot_rl/isaac_wheeled_rl_deploy/ros2/build/wheeled_mujoco_system', 'catkin_cmake_args': None, 'catkin_skip_building_tests': False, 'cmake_args': None, 'cmake_clean_cache': False, 'cmake_clean_first': False, 'cmake_force_configure': False, 'cmake_target': None, 'cmake_target_skip_unavailable': False, 'install_base': '/home/yukikaze/Documents/workspace/robot_rl/isaac_wheeled_rl_deploy/ros2/install/wheeled_mujoco_system', 'merge_install': False, 'path': '/home/yukikaze/Documents/workspace/robot_rl/isaac_wheeled_rl_deploy/ros2/src/interfaces/wheeled_mujoco_system', 'symlink_install': True, 'test_result_base': None}
[-1788714997894746368.000s] Level 5:colcon.colcon_core.verb:set package 'wheeled_rl_controller' build argument 'cmake_args' from command line to 'None'
[-1788714997894746368.000s] Level 5:colcon.colcon_core.verb:set package 'wheeled_rl_controller' build argument 'cmake_target' from command line to 'None'
[-1788714997894746368.000s] Level 5:colcon.colcon_core.verb:set package 'wheeled_rl_controller' build argument 'cmake_target_skip_unavailable' from command line to 'False'
[-1788714997894746368.000s] Level 5:colcon.colcon_core.verb:set package 'wheeled_rl_controller' build argument 'cmake_clean_cache' from command line to 'False'
[-1788714997894746368.000s] Level 5:colcon.colcon_core.verb:set package 'wheeled_rl_controller' build argument 'cmake_clean_first' from command line to 'False'
[-1788714997894746368.000s] Level 5:colcon.colcon_core.verb:set package 'wheeled_rl_controller' build argument 'cmake_force_configure' from command line to 'False'
[-1788714997894746368.000s] Level 5:colcon.colcon_core.verb:set package 'wheeled_rl_controller' build argument 'ament_cmake_args' from command line to 'None'
[-1788714997894746368.000s] Level 5:colcon.colcon_core.verb:set package 'wheeled_rl_controller' build argument 'catkin_cmake_args' from command line to 'None'
[-1788714997894746368.000s] Level 5:colcon.colcon_core.verb:set package 'wheeled_rl_controller' build argument 'catkin_skip_building_tests' from command line to 'False'
[-1788714997894746368.000s] DEBUG:colcon.colcon_core.verb:Building package 'wheeled_rl_controller' with the following arguments: {'ament_cmake_args': None, 'build_base': '/home/yukikaze/Documents/workspace/robot_rl/isaac_wheeled_rl_deploy/ros2/build/wheeled_rl_controller', 'catkin_cmake_args': None, 'catkin_skip_building_tests': False, 'cmake_args': None, 'cmake_clean_cache': False, 'cmake_clean_first': False, 'cmake_force_configure': False, 'cmake_target': None, 'cmake_target_skip_unavailable': False, 'install_base': '/home/yukikaze/Documents/workspace/robot_rl/isaac_wheeled_rl_deploy/ros2/install/wheeled_rl_controller', 'merge_install': False, 'path': '/home/yukikaze/Documents/workspace/robot_rl/isaac_wheeled_rl_deploy/ros2/src/controllers/wheeled_rl_controller', 'symlink_install': True, 'test_result_base': None}
[-1788714997894746368.000s] INFO:colcon.colcon_core.executor:Executing jobs using 'parallel' executor
[-1788714997894746368.000s] DEBUG:colcon.colcon_parallel_executor.executor.parallel:run_until_complete
[-1788714997894746368.000s] INFO:colcon.colcon_cmake.task.cmake.build:Building CMake package in '/home/yukikaze/Documents/workspace/robot_rl/isaac_wheeled_rl_deploy/ros2/src/middlewares/wheeled_bringup'
[-1788714997894746368.000s] INFO:colcon.colcon_core.plugin_system:Skipping extension 'colcon_core.shell.bat': Not used on non-Windows systems
[-1788714997894746368.000s] INFO:colcon.colcon_core.shell:Skip shell extension 'powershell' for command environment: Not usable outside of PowerShell
[-1788714997894746368.000s] DEBUG:colcon.colcon_core.shell:Skip shell extension 'dsv' for command environment
[-1788714997894746368.000s] INFO:colcon.colcon_cmake.task.cmake.build:Building CMake package in '/home/yukikaze/Documents/workspace/robot_rl/isaac_wheeled_rl_deploy/ros2/src/interfaces/wheeled_mujoco_system'
[-1788714997894746368.000s] INFO:colcon.colcon_core.shell:Skip shell extension 'powershell' for command environment: Not usable outside of PowerShell
[-1788714997894746368.000s] DEBUG:colcon.colcon_core.shell:Skip shell extension 'dsv' for command environment
[-1788714997894746368.000s] INFO:colcon.colcon_cmake.task.cmake.build:Building CMake package in '/home/yukikaze/Documents/workspace/robot_rl/isaac_wheeled_rl_deploy/ros2/src/controllers/wheeled_rl_controller'
[-1788714997894746368.000s] INFO:colcon.colcon_core.shell:Skip shell extension 'powershell' for command environment: Not usable outside of PowerShell
[-1788714997894746368.000s] DEBUG:colcon.colcon_core.shell:Skip shell extension 'dsv' for command environment
[-1788714997894746368.000s] DEBUG:colcon.colcon_core.event_handler.log_command:Invoking command in '/home/yukikaze/Documents/workspace/robot_rl/isaac_wheeled_rl_deploy/ros2/build/wheeled_bringup': DEBUGINFOD_URLS=https://debuginfod.archlinux.org _=/usr/bin/env /usr/bin/cmake /home/yukikaze/Documents/workspace/robot_rl/isaac_wheeled_rl_deploy/ros2/src/middlewares/wheeled_bringup -DCMAKE_INSTALL_PREFIX=/home/yukikaze/Documents/workspace/robot_rl/isaac_wheeled_rl_deploy/ros2/install/wheeled_bringup
[-1788714997894746368.000s] DEBUG:colcon.colcon_core.event_handler.log_command:Invoking command in '/home/yukikaze/Documents/workspace/robot_rl/isaac_wheeled_rl_deploy/ros2/build/wheeled_mujoco_system': DEBUGINFOD_URLS=https://debuginfod.archlinux.org _=/usr/bin/env /usr/bin/cmake /home/yukikaze/Documents/workspace/robot_rl/isaac_wheeled_rl_deploy/ros2/src/interfaces/wheeled_mujoco_system -DCMAKE_INSTALL_PREFIX=/home/yukikaze/Documents/workspace/robot_rl/isaac_wheeled_rl_deploy/ros2/install/wheeled_mujoco_system
[-1788714997894746368.000s] DEBUG:colcon.colcon_core.event_handler.log_command:Invoking command in '/home/yukikaze/Documents/workspace/robot_rl/isaac_wheeled_rl_deploy/ros2/build/wheeled_rl_controller': DEBUGINFOD_URLS=https://debuginfod.archlinux.org _=/usr/bin/env /usr/bin/cmake /home/yukikaze/Documents/workspace/robot_rl/isaac_wheeled_rl_deploy/ros2/src/controllers/wheeled_rl_controller -DCMAKE_INSTALL_PREFIX=/home/yukikaze/Documents/workspace/robot_rl/isaac_wheeled_rl_deploy/ros2/install/wheeled_rl_controller
[-1788714997894746368.000s] DEBUG:colcon.colcon_core.event_handler.log_command:Invoked command in '/home/yukikaze/Documents/workspace/robot_rl/isaac_wheeled_rl_deploy/ros2/build/wheeled_mujoco_system' returned '1': DEBUGINFOD_URLS=https://debuginfod.archlinux.org _=/usr/bin/env /usr/bin/cmake /home/yukikaze/Documents/workspace/robot_rl/isaac_wheeled_rl_deploy/ros2/src/interfaces/wheeled_mujoco_system -DCMAKE_INSTALL_PREFIX=/home/yukikaze/Documents/workspace/robot_rl/isaac_wheeled_rl_deploy/ros2/install/wheeled_mujoco_system
[-1788714997894746368.000s] DEBUG:colcon.colcon_parallel_executor.executor.parallel:closing loop
[-1788714997894746368.000s] DEBUG:colcon.colcon_parallel_executor.executor.parallel:loop closed
[-1788714997894746368.000s] DEBUG:colcon.colcon_parallel_executor.executor.parallel:run_until_complete finished with '1'
[-1788714997894746368.000s] DEBUG:colcon.colcon_core.event_reactor:joining thread
[-1788714997894746368.000s] INFO:colcon.colcon_core.plugin_system:Skipping extension 'colcon_notification.desktop_notification.terminal_notifier': Not used on non-Darwin systems
[-1788714997894746368.000s] INFO:colcon.colcon_core.plugin_system:Skipping extension 'colcon_notification.desktop_notification.win32': Not used on non-Windows systems
[-1788714997894746368.000s] INFO:colcon.colcon_notification.desktop_notification:Sending desktop notification using 'notify2'
[-1788714997894746368.000s] DEBUG:colcon.colcon_core.event_reactor:joined thread
[-1788714997894746368.000s] INFO:colcon.colcon_core.shell:Creating prefix script '/home/yukikaze/Documents/workspace/robot_rl/isaac_wheeled_rl_deploy/ros2/install/local_setup.ps1'
[-1788714997894746368.000s] INFO:colcon.colcon_core.shell:Creating prefix util module '/home/yukikaze/Documents/workspace/robot_rl/isaac_wheeled_rl_deploy/ros2/install/_local_setup_util_ps1.py'
[-1788714997894746368.000s] INFO:colcon.colcon_core.shell:Creating prefix chain script '/home/yukikaze/Documents/workspace/robot_rl/isaac_wheeled_rl_deploy/ros2/install/setup.ps1'
[-1788714997894746368.000s] INFO:colcon.colcon_core.shell:Creating prefix script '/home/yukikaze/Documents/workspace/robot_rl/isaac_wheeled_rl_deploy/ros2/install/local_setup.sh'
[-1788714997894746368.000s] INFO:colcon.colcon_core.shell:Creating prefix util module '/home/yukikaze/Documents/workspace/robot_rl/isaac_wheeled_rl_deploy/ros2/install/_local_setup_util_sh.py'
[-1788714997894746368.000s] INFO:colcon.colcon_core.shell:Creating prefix chain script '/home/yukikaze/Documents/workspace/robot_rl/isaac_wheeled_rl_deploy/ros2/install/setup.sh'
[-1788714997894746368.000s] INFO:colcon.colcon_core.shell:Creating prefix script '/home/yukikaze/Documents/workspace/robot_rl/isaac_wheeled_rl_deploy/ros2/install/local_setup.bash'
[-1788714997894746368.000s] INFO:colcon.colcon_core.shell:Creating prefix chain script '/home/yukikaze/Documents/workspace/robot_rl/isaac_wheeled_rl_deploy/ros2/install/setup.bash'
[-1788714997894746368.000s] INFO:colcon.colcon_core.shell:Creating prefix script '/home/yukikaze/Documents/workspace/robot_rl/isaac_wheeled_rl_deploy/ros2/install/local_setup.zsh'
[-1788714997894746368.000s] INFO:colcon.colcon_core.shell:Creating prefix chain script '/home/yukikaze/Documents/workspace/robot_rl/isaac_wheeled_rl_deploy/ros2/install/setup.zsh'
