-- The CXX compiler identification is GNU 16.2.1
-- Detecting CXX compiler ABI info
-- Detecting CXX compiler ABI info - done
-- Check for working CXX compiler: /usr/bin/c++ - skipped
-- Detecting CXX compile features
-- Detecting CXX compile features - done
-- Found ament_cmake: 2.5.5 (/opt/ros/jazzy/share/ament_cmake/cmake)
-- Found Python3: /home/yukikaze/.local/bin/python3.11 (found version "3.11.15") found components: Interpreter
CMake Error at CMakeLists.txt:8 (find_package):
  By not providing "Findhardware_interface.cmake" in CMAKE_MODULE_PATH this
  project has asked CMake to find a package configuration file provided by
  "hardware_interface", but CMake did not find one.

  Could not find a package configuration file provided by
  "hardware_interface" with any of the following names:

    hardware_interface.cps
    hardware_interfaceConfig.cmake
    hardware_interface-config.cmake

  Add the installation prefix of "hardware_interface" to CMAKE_PREFIX_PATH or
  set "hardware_interface_DIR" to a directory containing one of the above
  files.  If "hardware_interface" provides a separate development package or
  SDK, be sure it has been installed.


-- Configuring incomplete, errors occurred!
